C51 COMPILER V9.02   LCD                                                                   04/10/2016 17:17:01 PAGE 1   


C51 COMPILER V9.02, COMPILATION OF MODULE LCD
OBJECT MODULE PLACED IN lcd.OBJ
COMPILER INVOKED BY: C:\Keil\C51\BIN\C51.EXE lcd.c BROWSE DEBUG OBJECTEXTEND

line level    source

   1          #include<reg51.h>
   2          
   3          sfr lcd_port=0xA0;
   4          
   5          sbit RS = P0^0;
   6          sbit RW = P0^1;
   7          sbit EN = P0^2;
   8          
   9          void lcd_ini();
  10          void lcd_command(unsigned char);
  11          void lcd_display(unsigned char);
  12          void delay_ms(unsigned int);
  13          void lcd_string(unsigned char*);
  14          
  15          main()
  16          {
  17   1      
  18   1              lcd_ini();
  19   1              
  20   1              lcd_command(0x80);
  21   1          
  22   1              lcd_display('D');
  23   1              lcd_display('I');
  24   1              lcd_display('P');
  25   1              lcd_display('A');
  26   1              lcd_display('K');
  27   1      
  28   1              while(1)
  29   1              {
  30   2                      lcd_command(0x80);
  31   2                      lcd_string("Hello world");
  32   2              }
  33   1      
  34   1      }
  35          
  36          void lcd_ini()
  37          {
  38   1      
  39   1                      lcd_command(0x38);
  40   1                      delay_ms(30);
  41   1              
  42   1                      lcd_command(0x0F);
  43   1                      delay_ms(10);
  44   1                      
  45   1                      lcd_command(0x06);
  46   1                      delay_ms(10);
  47   1              
  48   1                      lcd_command(0x01);
  49   1                      delay_ms(10);
  50   1      
  51   1      }
  52          
  53          void lcd_command(unsigned char command)
  54              {
  55   1      
C51 COMPILER V9.02   LCD                                                                   04/10/2016 17:17:01 PAGE 2   

  56   1                      RW=0;
  57   1                      RS=0;
  58   1                      lcd_port=command;
  59   1                      EN=1;
  60   1                      EN=0;
  61   1                      delay_ms(5);
  62   1                      
  63   1              }
  64          
  65          
  66          void lcd_display(unsigned char display)
  67              {
  68   1      
  69   1      
  70   1              RW=0;
  71   1                      RS=1;
  72   1                      lcd_port=display;
  73   1                      EN=1;
  74   1                      EN=0;
  75   1                      delay_ms(1);
  76   1                      
  77   1              
  78   1              }
  79          
  80          void  delay_ms(unsigned int x)
  81          {
  82   1      
  83   1              int i,j;
  84   1              for(i=0;i<=x;i++)
  85   1                      for(j=0;j<=1275;j++);
  86   1      
  87   1      }
  88          
  89          
  90          void  lcd_string(unsigned char* name)
  91          {
  92   1              while(*name!='\0')
  93   1              {
  94   2                      lcd_display(*name);
  95   2                      name++;
  96   2              }                               
  97   1      }
  98          
  99          
 100          
 101          
 102          
 103          
 104          
 105          
 106          
 107          
 108          
 109          
 110          
 111          
 112          
 113          


MODULE INFORMATION:   STATIC OVERLAYABLE
   CODE SIZE        =    198    ----
C51 COMPILER V9.02   LCD                                                                   04/10/2016 17:17:01 PAGE 3   

   CONSTANT SIZE    =     12    ----
   XDATA SIZE       =   ----    ----
   PDATA SIZE       =   ----    ----
   DATA SIZE        =   ----       3
   IDATA SIZE       =   ----    ----
   BIT SIZE         =   ----    ----
END OF MODULE INFORMATION.


C51 COMPILATION COMPLETE.  0 WARNING(S),  0 ERROR(S)
